<html>
<body>
<pre>
<h1>µVision Build Log</h1>
<h2>Project:</h2>
D:\WORK\ARM_CortexM3_NXP\ARM_CortexM3_NXP Example\Examples\5. GPIO\GPIO1\GPIO1.uvproj
Project File Date:  12/18/2013

<h2>Output:</h2>
Rebuild target 'Target 1'
assembling startup_LPC17xx.s...
compiling core_cm3.c...
compiling system_LPC17xx.c...
compiling lpc17xx_gpio.c...
..\..\..\Drivers\source\lpc17xx_gpio.c(526): warning:  #186-D: pointless comparison of unsigned integer with zero
..\..\..\Drivers\source\lpc17xx_gpio.c(532): warning:  #186-D: pointless comparison of unsigned integer with zero
..\..\..\Drivers\source\lpc17xx_gpio.c(564): warning:  #186-D: pointless comparison of unsigned integer with zero
..\..\..\Drivers\source\lpc17xx_gpio.c(570): warning:  #186-D: pointless comparison of unsigned integer with zero
..\..\..\Drivers\source\lpc17xx_gpio.c(596): warning:  #186-D: pointless comparison of unsigned integer with zero
..\..\..\Drivers\source\lpc17xx_gpio.c(621): warning:  #186-D: pointless comparison of unsigned integer with zero
..\..\..\Drivers\source\lpc17xx_gpio.c(641): warning:  #186-D: pointless comparison of unsigned integer with zero
compiling GPIO1.c...
linking...
Program Size: Code=1612 RO-data=536 RW-data=4 ZI-data=516  
FromELF: creating hex file...
".\obj\GPIO1.axf" - 0 Errors, 7 Warning(s).
Load "D:\\WORK\\ARM_CortexM3_NXP\\ARM_CortexM3_NXP Example\\Examples\\5. GPIO\\GPIO1\\obj\\GPIO1.axf" 
Erase Done.
Programming Done.
Verify OK.
Application running ...
