<html>
<body>
<pre>
<h1>µVision Build Log</h1>
<h2>Project:</h2>
D:\WORK\ARM_CortexM3_NXP\ARM_CortexM3_NXP Example\Examples\2. Ethernet\Ethernet1\LEDSwitch.uvproj
Project File Date:  12/18/2013

<h2>Output:</h2>
Rebuild target 'MCB1700'
assembling startup_LPC17xx.s...
compiling system_LPC17xx.c...
compiling RTX_Conf_CM.c...
compiling Net_Debug.c...
compiling Net_Config.c...
compiling EMAC_LPC17xx.c...
compiling LED.c...
compiling LEDSwitch.c...
linking...
Program Size: Code=11836 RO-data=456 RW-data=56 ZI-data=20104  
".\Obj\LEDSwitch.axf" - 0 Errors, 0 Warning(s).
Load "D:\\WORK\\ARM_CortexM3_NXP\\ARM_CortexM3_NXP Example\\Examples\\2. Ethernet\\Ethernet1\\Obj\\LEDSwitch.axf" 
Erase Done.
Programming Done.
Verify OK.
