<html>
<body>
<pre>
<h1>µVision Build Log</h1>
<h2>Project:</h2>
D:\WORK\ARM_CortexM3_NXP\ARM_CortexM3_NXP Example\Examples\1. USB_HID_Device\USBHID\HID.uvproj
Project File Date:  12/18/2013

<h2>Output:</h2>
Rebuild target 'MCB1700'
assembling startup_LPC17xx.s...
compiling system_LPC17xx.c...
compiling usbcore.c...
compiling usbdesc.c...
compiling usbhw.c...
compiling usbuser.c...
compiling hiduser.c...
compiling demo.c...
linking...
Program Size: Code=5010 RO-data=482 RW-data=88 ZI-data=512  
".\Obj\HID.axf" - 0 Errors, 0 Warning(s).
Load "D:\\WORK\\ARM_CortexM3_NXP\\ARM_CortexM3_NXP Example\\Examples\\1. USB_HID_Device\\USBHID\\Obj\\HID.axf" 
Full Chip Erase Done.
Programming Done.
Verify OK.
Application running ...
