<html>
<body>
<pre>
<h1>µVision Build Log</h1>
<h2>Project:</h2>
D:\WORK\ARM_CortexM3_NXP\ARM_CortexM3_NXP Example\Examples\11. Keypad\ARM_CortexM3_NXP_Keypad.uvproj
Project File Date:  12/18/2013

<h2>Output:</h2>
Rebuild target 'ARM_CortexM3_NXP'
assembling startup_LPC17xx.s...
compiling system_LPC17xx.c...
compiling core_cm3.c...
compiling ARM_CortexM3_Keypad.c...
linking...
Program Size: Code=2300 RO-data=440 RW-data=16 ZI-data=608  
FromELF: creating hex file...
".\ARM_CortexM3_NXP_Keypad.axf" - 0 Errors, 0 Warning(s).
Load "D:\\WORK\\ARM_CortexM3_NXP\\ARM_CortexM3_NXP Example\\Examples\\11. Keypad\\ARM_CortexM3_NXP_Keypad.axf" 
Full Chip Erase Done.
Programming Done.
Verify OK.
Application running ...
