<html>
<body>
<pre>
<h1>µVision Build Log</h1>
<h2>Project:</h2>
D:\WORK\ARM_CortexM3_NXP\ARM_CortexM3_NXP Example\Examples\3. UART\UART1\UART1.uvproj
Project File Date:  12/18/2013

<h2>Output:</h2>
Rebuild target 'Target 1'
assembling startup_LPC17xx.s...
compiling core_cm3.c...
compiling system_LPC17xx.c...
compiling lpc17xx_uart.c...
compiling lpc17xx_clkpwr.c...
compiling lpc17xx_nvic.c...
compiling lpc17xx_pinsel.c...
compiling lpc17xx_libcfg_default.c...
compiling uart_polling_test.c...
uart_polling_test.c(89): warning:  #111-D: statement is unreachable
linking...
Program Size: Code=5404 RO-data=308 RW-data=136 ZI-data=576  
FromELF: creating hex file...
".\Obj\UART1.axf" - 0 Errors, 1 Warning(s).
Load "D:\\WORK\\ARM_CortexM3_NXP\\ARM_CortexM3_NXP Example\\Examples\\3. UART\\UART1\\Obj\\UART1.axf" 
Full Chip Erase Done.
Programming Done.
Verify OK.
Application running ...
