<html>
<body>
<pre>
<h1>킮ision Build Log</h1>
<h2>Project:</h2>
D:\Work\2_ATC_ARM_CortexM3_NXP\문서자료\1_강의자료\2_ARM_CortexM3_NXP 2일교육\2_Source\2_Full_Example\Examples\7_6_ADC_EX\ADC2\ADC2.uvproj
Project File Date:  11/16/2010

<h2>Output:</h2>
Build target 'Target 1'
assembling startup_LPC17xx.s...
compiling core_cm3.c...
compiling system_LPC17xx.c...
compiling lpc17xx_adc.c...
compiling lpc17xx_clkpwr.c...
compiling lpc17xx_libcfg_default.c...
compiling lpc17xx_nvic.c...
compiling lpc17xx_pinsel.c...
compiling lpc17xx_timer.c...
..\..\..\Drivers\source\lpc17xx_timer.c(108): warning:  #68-D: integer conversion resulted in a change of sign
..\..\..\Drivers\source\lpc17xx_timer.c:        uint32_t tnum = -1;
..\..\..\Drivers\source\lpc17xx_timer.c:                        ^
..\..\..\Drivers\source\lpc17xx_timer.c(246): warning:  #550-D: variable "timer" was set but never used
..\..\..\Drivers\source\lpc17xx_timer.c:        uint32_t timer;
..\..\..\Drivers\source\lpc17xx_timer.c:                 ^
..\..\..\Drivers\source\lpc17xx_timer.c(391): warning:  #550-D: variable "timer" was set but never used
..\..\..\Drivers\source\lpc17xx_timer.c:        uint32_t timer;
..\..\..\Drivers\source\lpc17xx_timer.c:                 ^
..\..\..\Drivers\source\lpc17xx_timer.c(438): warning:  #550-D: variable "timer" was set but never used
..\..\..\Drivers\source\lpc17xx_timer.c:        uint32_t timer;
..\..\..\Drivers\source\lpc17xx_timer.c:                 ^
..\..\..\Drivers\source\lpc17xx_timer.c: ..\..\..\Drivers\source\lpc17xx_timer.c: 4 warnings, 0 errors
compiling lpc17xx_uart.c...
compiling debug_frmwrk.c...
compiling adc_polling_test.c...
adc_polling_test.c(87): warning:  #111-D: statement is unreachable
adc_polling_test.c:     ADC_DeInit(ADC);
adc_polling_test.c:     ^
adc_polling_test.c: adc_polling_test.c: 1 warning, 0 errors
linking...
Program Size: Code=9168 RO-data=228 RW-data=516 ZI-data=588  
FromELF: creating hex file...
".\Obj\ADC1.axf" - 0 Error(s), 5 Warning(s).
Build target 'Target 1'
assembling startup_LPC17xx.s...
compiling core_cm3.c...
compiling system_LPC17xx.c...
compiling lpc17xx_adc.c...
compiling lpc17xx_clkpwr.c...
compiling lpc17xx_libcfg_default.c...
compiling lpc17xx_nvic.c...
compiling lpc17xx_pinsel.c...
compiling lpc17xx_timer.c...
..\..\..\Drivers\source\lpc17xx_timer.c(108): warning:  #68-D: integer conversion resulted in a change of sign
..\..\..\Drivers\source\lpc17xx_timer.c:        uint32_t tnum = -1;
..\..\..\Drivers\source\lpc17xx_timer.c:                        ^
..\..\..\Drivers\source\lpc17xx_timer.c(246): warning:  #550-D: variable "timer" was set but never used
..\..\..\Drivers\source\lpc17xx_timer.c:        uint32_t timer;
..\..\..\Drivers\source\lpc17xx_timer.c:                 ^
..\..\..\Drivers\source\lpc17xx_timer.c(391): warning:  #550-D: variable "timer" was set but never used
..\..\..\Drivers\source\lpc17xx_timer.c:        uint32_t timer;
..\..\..\Drivers\source\lpc17xx_timer.c:                 ^
..\..\..\Drivers\source\lpc17xx_timer.c(438): warning:  #550-D: variable "timer" was set but never used
..\..\..\Drivers\source\lpc17xx_timer.c:        uint32_t timer;
..\..\..\Drivers\source\lpc17xx_timer.c:                 ^
..\..\..\Drivers\source\lpc17xx_timer.c: ..\..\..\Drivers\source\lpc17xx_timer.c: 4 warnings, 0 errors
compiling lpc17xx_uart.c...
compiling debug_frmwrk.c...
compiling adc_polling_test.c...
adc_polling_test.c(87): warning:  #111-D: statement is unreachable
adc_polling_test.c:     ADC_DeInit(ADC);
adc_polling_test.c:     ^
adc_polling_test.c: adc_polling_test.c: 1 warning, 0 errors
linking...
Program Size: Code=9168 RO-data=228 RW-data=516 ZI-data=588  
FromELF: creating hex file...
".\Obj\ADC1.axf" - 0 Error(s), 5 Warning(s).
Load "D:\\Work\\2_ATC_ARM_CortexM3_NXP\\문서자료\\1_강의자료\\2_ARM_CortexM3_NXP 2일교육\\2_Source\\2_Full_Example\\Examples\\7_6_ADC_EX\\ADC2\\Obj\\ADC1.AXF" 
Erase Done.
Programming Done.
Verify OK.
Application running ...
