<html>
<body>
<pre>
<h1>µVision Build Log</h1>
<h2>Project:</h2>
D:\WORK\ARM_CortexM3_NXP\ARM_CortexM3_NXP Example\Examples\4. ADC\ADC1\ADC1.uvproj
Project File Date:  12/18/2013

<h2>Output:</h2>
Rebuild target 'Target 1'
assembling startup_LPC17xx.s...
compiling core_cm3.c...
compiling system_LPC17xx.c...
compiling lpc17xx_adc.c...
compiling lpc17xx_clkpwr.c...
compiling lpc17xx_libcfg_default.c...
compiling lpc17xx_nvic.c...
compiling lpc17xx_pinsel.c...
compiling lpc17xx_timer.c...
..\..\..\Drivers\source\lpc17xx_timer.c(108): warning:  #68-D: integer conversion resulted in a change of sign
..\..\..\Drivers\source\lpc17xx_timer.c(246): warning:  #550-D: variable "timer" was set but never used
..\..\..\Drivers\source\lpc17xx_timer.c(391): warning:  #550-D: variable "timer" was set but never used
..\..\..\Drivers\source\lpc17xx_timer.c(438): warning:  #550-D: variable "timer" was set but never used
compiling lpc17xx_uart.c...
compiling adc_interrupt_test.c...
adc_interrupt_test.c(92): warning:  #111-D: statement is unreachable
compiling debug_frmwrk.c...
linking...
Program Size: Code=9172 RO-data=228 RW-data=524 ZI-data=588  
FromELF: creating hex file...
".\Obj\ADC1.axf" - 0 Errors, 5 Warning(s).
Load "D:\\WORK\\ARM_CortexM3_NXP\\ARM_CortexM3_NXP Example\\Examples\\4. ADC\\ADC1\\Obj\\ADC1.axf" 
Erase Done.
Programming Done.
Verify OK.
Application running ...
